
> agency-flow@0.0.0 build
> tsc -b && vite build

src/pages/Projects.tsx(14,49): error TS2367: This comparison appears to be unintentional because the types '"Active" | "Completed" | "On Hold" | "Archived"' and '"active"' have no overlap.
